
 // Start migrating YAML translations to Pimcore translations
Read from directories:
 * tests/translation-fixtures
 --------------------------------------------- --------
  Realpath                                      Result
 --------------------------------------------- --------
  tests/translation-fixtures/messages.en.yaml   PARSED
 --------------------------------------------- --------
Found 1 translation keys in translation files
Loading Pimcore translations from database
Found 1 Pimcore translation keys in database
 [INFO] 1 translation keys were added to Pimcore.
 [OK] Pimcore translations updated successfully
