
 // Start migrating translations to Pimcore translations
Reading from directories:
 * tests/app/tests/translation-fixtures
 --------------------------------------------------------------------- --------
  Realpath                                                              Result
 --------------------------------------------------------------------- --------
  tests/app/tests/translation-fixtures/messages.en.yaml   PARSED
 --------------------------------------------------------------------- --------
Found 1 translation keys in translation files
Loading Pimcore translations from database
Found 0 Pimcore translation keys in database
 [INFO] 1 translation keys were added to Pimcore.
 [OK] Pimcore translations updated successfully
